Testing with commit: 31f679d5351e901f226d468ff5d36d61f32d9a19
Changed files: ['README.md']
Extracting raw diff for: README.md

Successfully created RawDiffDTO:
- Code Before Length: 5
- Code After Length: 1822
- Patch Length: 2047
- Modified Lines: {'added': [2, 3, 4, 5, 6, 7, 8, 9, 10, 11, 12, 13, 14, 15, 16, 17, 18, 19, 20, 21, 22, 23, 24, 25, 26, 27, 28, 29, 30, 31, 32, 33, 34, 35, 36, 37, 38, 39, 40, 41, 42, 43, 44, 45, 46, 47, 48, 49, 50, 51], 'deleted': [1]}
